
> test
> node run_tests.js

Starting tests...
🧪 Running Tests...
Game saved to slot 0
Game saved to slot 1
No save found in slot 3
Game saved to slot 0
Game saved to slot 2
Deleted save in slot 2
No save found in slot 2
Game saved to slot 0
Game saved to slot 1
Game saved to slot 2
Game saved to slot 0
All saves cleared
No save found in slot 0
Unknown enemy type: unknown_type
🔧 Debug Tools initialized. Access via window.game or window.debug
Spawned 7 enemies.
🔧 Debug Tools initialized. Access via window.game or window.debug
Spawned 8 enemies.
🔧 Debug Tools initialized. Access via window.game or window.debug
Spawned 6 enemies.
Spawned 6 enemies.
🔧 Debug Tools initialized. Access via window.game or window.debug
Spawned 7 enemies.
🔧 Debug Tools initialized. Access via window.game or window.debug
Spawned 5 enemies.
🔧 Debug Tools initialized. Access via window.game or window.debug
Spawned 8 enemies.
🔧 Debug Tools initialized. Access via window.game or window.debug
Spawned 4 enemies.
🔧 Debug Tools initialized. Access via window.game or window.debug
Spawned 7 enemies.
🔧 Debug Tools initialized. Access via window.game or window.debug
🔧 Debug Tools initialized. Access via window.game or window.debug
🔧 Debug Tools initialized. Access via window.game or window.debug
🔧 Debug Tools initialized. Access via window.game or window.debug
🔧 Debug Tools initialized. Access via window.game or window.debug
🔧 Debug Tools initialized. Access via window.game or window.debug
🔧 Debug Tools initialized. Access via window.game or window.debug
🔧 Debug Tools initialized. Access via window.game or window.debug
🔧 Debug Tools initialized. Access via window.game or window.debug
🔧 Debug Tools initialized. Access via window.game or window.debug
🔧 Debug Tools initialized. Access via window.game or window.debug
🔧 Debug Tools initialized. Access via window.game or window.debug
🔧 Debug Tools initialized. Access via window.game or window.debug
🔧 Debug Tools initialized. Access via window.game or window.debug
Spawned 6 enemies.
Spawned 5 enemies.
❌ Global ➔ MageKnightGame Core Logic ➔ Initialization: should initialize with default state
   this.ui.setButtonEnabled is not a function
🔧 Debug Tools initialized. Access via window.game or window.debug
Spawned 5 enemies.
Spawned 7 enemies.
❌ Global ➔ MageKnightGame Core Logic ➔ Initialization: should create hero with cards
   this.ui.setButtonEnabled is not a function
🔧 Debug Tools initialized. Access via window.game or window.debug
Spawned 7 enemies.
Spawned 8 enemies.
❌ Global ➔ MageKnightGame Core Logic ➔ Initialization: should spawn enemies
   this.ui.setButtonEnabled is not a function
🔧 Debug Tools initialized. Access via window.game or window.debug
Spawned 6 enemies.
Spawned 8 enemies.
❌ Global ➔ MageKnightGame Core Logic ➔ Turn Management: should start day turn
   this.ui.setButtonEnabled is not a function
🔧 Debug Tools initialized. Access via window.game or window.debug
Spawned 4 enemies.
Spawned 9 enemies.
❌ Global ➔ MageKnightGame Core Logic ➔ Turn Management: should end turn and cycle time
   this.ui.setButtonEnabled is not a function
🔧 Debug Tools initialized. Access via window.game or window.debug
Spawned 3 enemies.
Spawned 3 enemies.
❌ Global ➔ MageKnightGame Core Logic ➔ Game Flow: should enter movement mode
   this.ui.setButtonEnabled is not a function
🔧 Debug Tools initialized. Access via window.game or window.debug
Spawned 4 enemies.
Spawned 5 enemies.
❌ Global ➔ MageKnightGame Core Logic ➔ Game Flow: should exit movement mode
   this.ui.setButtonEnabled is not a function
🔧 Debug Tools initialized. Access via window.game or window.debug
Spawned 7 enemies.
Spawned 6 enemies.
❌ Global ➔ MageKnightGame Core Logic ➔ Save/Load interaction: should open save dialog
   this.ui.setButtonEnabled is not a function
❌ Global ➔ Combat Animations ➔ Overlays: should show victory splash
   Test timed out after 5000ms
❌ Global ➔ Combat Animations ➔ Overlays: should show defeat overlay
   Test timed out after 5000ms
🔧 Debug Tools initialized. Access via window.game or window.debug
Spawned 7 enemies.
🔧 Debug Tools initialized. Access via window.game or window.debug
Spawned 5 enemies.
🔧 Debug Tools initialized. Access via window.game or window.debug
Spawned 7 enemies.
🔧 Debug Tools initialized. Access via window.game or window.debug
Spawned 8 enemies.
🔧 Debug Tools initialized. Access via window.game or window.debug
Spawned 6 enemies.
Canvas resized to 500x400
Canvas resized to 500x400
Canvas resized to 500x400
Canvas resized to 500x400
Canvas resized to 500x400
Canvas resized to 500x400
🔧 Debug Tools initialized. Access via window.game or window.debug
Spawned 10 enemies.
🔧 Debug Tools initialized. Access via window.game or window.debug
Spawned 4 enemies.
🔧 Debug Tools initialized. Access via window.game or window.debug
Spawned 9 enemies.
🔧 Debug Tools initialized. Access via window.game or window.debug
Spawned 9 enemies.
🔧 Debug Tools initialized. Access via window.game or window.debug
Spawned 7 enemies.
Canvas resized to 500x400
Canvas resized to 500x400
Canvas resized to 500x400
Canvas resized to 500x400
Canvas resized to 500x400
🔧 Debug Tools initialized. Access via window.game or window.debug
Spawned 4 enemies.
🔧 Debug Tools initialized. Access via window.game or window.debug
Spawned 7 enemies.
🔧 Debug Tools initialized. Access via window.game or window.debug
Spawned 4 enemies.
🔧 Debug Tools initialized. Access via window.game or window.debug
Spawned 12 enemies.
🔧 Debug Tools initialized. Access via window.game or window.debug
Spawned 4 enemies.
🔧 Debug Tools initialized. Access via window.game or window.debug
Spawned 5 enemies.
🔧 Debug Tools initialized. Access via window.game or window.debug
Spawned 5 enemies.
🔧 Debug Tools initialized. Access via window.game or window.debug
Spawned 6 enemies.
🔧 Debug Tools initialized. Access via window.game or window.debug
Spawned 8 enemies.
🔧 Debug Tools initialized. Access via window.game or window.debug
Spawned 9 enemies.
🔧 Debug Tools initialized. Access via window.game or window.debug
Spawned 6 enemies.
🔧 Debug Tools initialized. Access via window.game or window.debug
Spawned 7 enemies.
🔧 Debug Tools initialized. Access via window.game or window.debug
Spawned 6 enemies.
🔧 Debug Tools initialized. Access via window.game or window.debug
Spawned 6 enemies.
🔧 Debug Tools initialized. Access via window.game or window.debug
Spawned 7 enemies.
[MockElement] .click() called on confirm-reset-btn
Spawned 7 enemies.
🔧 Debug Tools initialized. Access via window.game or window.debug
Spawned 5 enemies.
[MockElement] .click() called on confirm-reset-btn
Spawned 3 enemies.
🔧 Debug Tools initialized. Access via window.game or window.debug
Spawned 7 enemies.
[MockElement] .click() called on cancel-reset-btn
🔧 Debug Tools initialized. Access via window.game or window.debug
Spawned 7 enemies.
🔧 Debug Tools initialized. Access via window.game or window.debug
Spawned 5 enemies.
🔧 Debug Tools initialized. Access via window.game or window.debug
Spawned 6 enemies.
🔧 Debug Tools initialized. Access via window.game or window.debug
Spawned 8 enemies.
🔧 Debug Tools initialized. Access via window.game or window.debug
Spawned 6 enemies.
🔧 Debug Tools initialized. Access via window.game or window.debug
Spawned 8 enemies.
🔧 Debug Tools initialized. Access via window.game or window.debug
Spawned 2 enemies.
🔧 Debug Tools initialized. Access via window.game or window.debug
Spawned 6 enemies.
Game saved to slot 0
🔧 Debug Tools initialized. Access via window.game or window.debug
Spawned 10 enemies.
🔧 Debug Tools initialized. Access via window.game or window.debug
Spawned 10 enemies.
🔧 Debug Tools initialized. Access via window.game or window.debug
Spawned 7 enemies.
🔧 Debug Tools initialized. Access via window.game or window.debug
Spawned 4 enemies.
🔧 Debug Tools initialized. Access via window.game or window.debug
Spawned 6 enemies.
    Running 200 fuzz iterations...
🔧 Debug Tools initialized. Access via window.game or window.debug
Spawned 12 enemies.
🔧 Debug Tools initialized. Access via window.game or window.debug
Spawned 6 enemies.
🔧 Debug Tools initialized. Access via window.game or window.debug
Spawned 10 enemies.
🔧 Debug Tools initialized. Access via window.game or window.debug
Spawned 6 enemies.
🔧 Debug Tools initialized. Access via window.game or window.debug
Spawned 6 enemies.
[MockElement] .click() called on save-btn
Game saved to slot 0
Game saved to slot 0
Game saved to slot 0
Game saved to slot 0
Game saved to slot 0
Game saved to slot 0
Game saved to slot 0
Game saved to slot 0
Game saved to slot 0
Game saved to slot 0
Game saved to slot 0
Game saved to slot 0
Game saved to slot 0
Game saved to slot 0
Game saved to slot 0
Game saved to slot 0
Game saved to slot 0
Game saved to slot 0
Game saved to slot 0
Game saved to slot 0
Game saved to slot 0
Game saved to slot 0
Game saved to slot 0
Game saved to slot 0
Game saved to slot 0
Game saved to slot 0
Game saved to slot 0
Game saved to slot 0
Game saved to slot 0
Game saved to slot 0
Game saved to slot 0
Game saved to slot 0
Game saved to slot 0
Game saved to slot 0
Game saved to slot 0
Game saved to slot 0
Game saved to slot 0
Game saved to slot 0
Game saved to slot 0
Game saved to slot 0
Game saved to slot 0
Game saved to slot 0
Game saved to slot 0
Game saved to slot 0
Game saved to slot 0
Game saved to slot 0
Game saved to slot 0
Game saved to slot 0
Game saved to slot 0
Game saved to slot 0
Game saved to slot 0
Game saved to slot 0
[MockElement] .click() called on DIV
[MockElement] .click() called on DIV
[MockElement] .click() called on DIV
[MockElement] .click() called on DIV
[MockElement] .click() called on confirm-level-up
🔧 Debug Tools initialized. Access via window.game or window.debug
Spawned 6 enemies.
🔧 Debug Tools initialized. Access via window.game or window.debug
Spawned 6 enemies.
🔧 Debug Tools initialized. Access via window.game or window.debug
Spawned 7 enemies.
🔧 Debug Tools initialized. Access via window.game or window.debug
Spawned 6 enemies.
🔧 Debug Tools initialized. Access via window.game or window.debug
Spawned 9 enemies.
🔧 Debug Tools initialized. Access via window.game or window.debug
Spawned 3 enemies.
🔧 Debug Tools initialized. Access via window.game or window.debug
Spawned 9 enemies.
🔧 Debug Tools initialized. Access via window.game or window.debug
Spawned 5 enemies.

Total: 511 | Passed: 501 | Failed: 10
